PLAY [Patch and converge all hosts] ********************************************

TASK [Gathering Facts] *********************************************************
ok: [web01.example.net]
ok: [web02.example.net]
ok: [db01.example.net]
ok: [cache01.example.net]
ok: [proxy01.example.net]
ok: [build01.example.net]
ok: [monitor01.example.net]
ok: [backup01.example.net]
ok: [localhost]

TASK [apt : Update package cache] **********************************************
ok: [web01.example.net]
ok: [web02.example.net]
ok: [db01.example.net]
ok: [cache01.example.net]
ok: [proxy01.example.net]
ok: [build01.example.net]
ok: [monitor01.example.net]
ok: [backup01.example.net]

TASK [docker : Deploy compose stacks] ******************************************
changed: [web01.example.net]
changed: [web02.example.net]
changed: [db01.example.net]
changed: [cache01.example.net]
changed: [proxy01.example.net]
changed: [build01.example.net]
changed: [monitor01.example.net]
changed: [backup01.example.net]


TASK [Run facts.py mirror] *****************************************************
fatal: [localhost]: FAILED! => {"changed": false, "cmd": ["./facts.py", "mirror"], "msg": "facts.py mirror failed", "rc": 2, "stderr": "ConnectionError: Error connecting to redis"}


PLAY RECAP *********************************************************************
web01.example.net         : ok=0    changed=0    unreachable=1    failed=0    skipped=0    rescued=0    ignored=0
web02.example.net         : ok=0    changed=0    unreachable=1    failed=0    skipped=0    rescued=0    ignored=0
db01.example.net          : ok=0    changed=0    unreachable=1    failed=0    skipped=0    rescued=0    ignored=0
cache01.example.net       : ok=0    changed=0    unreachable=1    failed=0    skipped=0    rescued=0    ignored=0
proxy01.example.net       : ok=0    changed=0    unreachable=1    failed=0    skipped=0    rescued=0    ignored=0
build01.example.net       : ok=0    changed=0    unreachable=1    failed=0    skipped=0    rescued=0    ignored=0
monitor01.example.net     : ok=0    changed=0    unreachable=1    failed=0    skipped=0    rescued=0    ignored=0
backup01.example.net      : ok=0    changed=0    unreachable=1    failed=0    skipped=0    rescued=0    ignored=0
localhost                 : ok=0    changed=0    unreachable=0    failed=1    skipped=0    rescued=0    ignored=0

TASKS RECAP ********************************************************************
Sunday 31 May 2026  06:03:41 +0000 (0:00:00.512)	0:00:41.220 *********************
===============================================================================
apt : Upgrade all packages ----------------------------------------------- 84.21s
Gathering Facts ---------------------------------------------------------- 22.34s
docker : Deploy compose stacks ------------------------------------------- 18.92s
grafana-alloy : Install agent -------------------------------------------- 12.07s
Run facts.py mirror ------------------------------------------------------- 3.41s
apt : Update package cache ------------------------------------------------ 2.88s
install-aliases : Drop shell aliases -------------------------------------- 0.94s

